app/api/conversations/[id]/messages/route.ts(190,15): error TS2353: Object literal may only specify known properties, and 'onFinish' does not exist in type 'ResponseInit'.
app/api/conversations/[id]/messages/route.ts(190,26): error TS7031: Binding element 'text' implicitly has an 'any' type.
app/api/conversations/[id]/messages/route.ts(206,17): error TS2353: Object literal may only specify known properties, and 'onFinish' does not exist in type 'ResponseInit'.
app/api/conversations/[id]/messages/route.ts(206,28): error TS7031: Binding element 'text' implicitly has an 'any' type.
